// Jest Snapshot v1, https://goo.gl/fbAQLP

exports[`Button test cases Should match previous snapshot 1`] = `
<DocumentFragment>
  <button
    class="MuiButtonBase-root MuiButton-root MuiButton-primary MuiButton-primaryPrimary MuiButton-sizeMedium MuiButton-primarySizeMedium css-n76phm-MuiButtonBase-root-MuiButton-root"
    tabindex="0"
    type="button"
  >
    Hello
    <span
      class="MuiTouchRipple-root css-8je8zh-MuiTouchRipple-root"
    />
  </button>
</DocumentFragment>
`;
